---
source: src/tests/cases/ui.rs
expression: "&terminal_draw_events_mirror[0]"
---
 Total: 12.0K (3 files), freed: 0 | /tmp/diskonaut_tests/noop_when_moving_off_screen_edges                                                                                                    
┌─────────────────────────────────────────────────────────────────────────────────────────────────────────────────────────────┬──────────────────────────────────────────────────────────────┐
│                                                                                                                             │                                                              │
│                                                                                                                             │                                                              │
│                                                                                                                             │                                                              │
│                                                                                                                             │                                                              │
│                                                                                                                             │                                                              │
│                                                                                                                             │                                                              │
│                                                                                                                             │                                                              │
│                                                                                                                             │                                                              │
│                                                                                                                             │                                                              │
│                                                            file1                                                            │                                                              │
│                                                                                                                             │                                                              │
│                                                                                                                             │                                                              │
│                                                         4.0K (33%)                                                          │                                                              │
│                                                                                                                             │                                                              │
│                                                                                                                             │                                                              │
│                                                                                                                             │                                                              │
│                                                                                                                             │                                                              │
│                                                                                                                             │                                                              │
│                                                                                                                             │                                                              │
│                                                                                                                             │                                                              │
│                                                                                                                             │                                                              │
│                                                                                                                             │                            file3                             │
├─────────────────────────────────────────────────────────────────────────────────────────────────────────────────────────────┤                                                              │
│                                                                                                                             │                          4.0K (33%)                          │
│                                                                                                                             │                                                              │
│                                                                                                                             │                                                              │
│                                                                                                                             │                                                              │
│                                                                                                                             │                                                              │
│                                                                                                                             │                                                              │
│                                                                                                                             │                                                              │
│                                                                                                                             │                                                              │
│                                                                                                                             │                                                              │
│                                                            file2                                                            │                                                              │
│                                                                                                                             │                                                              │
│                                                                                                                             │                                                              │
│                                                         4.0K (33%)                                                          │                                                              │
│                                                                                                                             │                                                              │
│                                                                                                                             │                                                              │
│                                                                                                                             │                                                              │
│                                                                                                                             │                                                              │
│                                                                                                                             │                                                              │
│                                                                                                                             │                                                              │
│                                                                                                                             │                                                              │
│                                                                                                                             │                                                              │
│                                                                                                                             │                                                              │
└─────────────────────────────────────────────────────────────────────────────────────────────────────────────────────────────┴──────────────────────────────────────────────────────────────┘
                                                                                                                                                                                              
 <arrows> - move around, <ENTER> - enter folder, <ESC> - parent folder, <BACKSPACE> - delete, <+/-/0> - zoom in/out/reset, <q> - quit                                                         

