---
source: src/tests/cases/ui.rs
expression: "&terminal_draw_events_mirror[0]"
---
 2.3M | /tmp/diskonaut_tes[..]les_with_x_as_zero  
┌────────────────────────────────────────────────┐
│                                                │
│                                                │
│                                                │
│                                                │
│                                                │
│                                                │
│                                                │
│                     file1                      │
│                                                │
│                                                │
│                   1.0M (42%)                   │
│                                                │
│                                                │
│                                                │
│                                                │
│                                                │
│                                                │
│                                                │
├────────────────────────────────────────────────┤
│                                                │
│                                                │
│                                                │
│                                                │
│                                                │
│                                                │
│                                                │
│                     file2                      │
│                                                │
│                                                │
│                   1.0M (42%)                   │
│                                                │
│                                                │
│                                                │
│                                                │
│                                                │
│                                                │
│                                                │
├────────────────────────────────────────────────┤
│xxxxxxxxxxxxxxxxxxxxxxxxxxxxxxxxxxxxxxxxxxxxxxxx│
│xxxxxxxxxxxxxxxxxxxxxxxxxxxxxxxxxxxxxxxxxxxxxxxx│
│xxxxxxxxxxxxxxxxxxxxxxxxxxxxxxxxxxxxxxxxxxxxxxxx│
│xxxxxxxxxxxxxxxxxxxxxxxxxxxxxxxxxxxxxxxxxxxxxxxx│
│xxxxxxxxxxxxxxxxxxxxxxxxxxxxxxxxxxxxxxxxxxxxxxxx│
│xxxxxxxxxxxxxxxxxxxxxxxxxxxxxxxxxxxxxxxxxxxxxxxx│
│xxxxxxxxxxxxxxxxxxxxxxxxxxxxxxxxxxxxxxxxxxxxxxxx│
└────────────────────────────────────────────────┘
                                (x = Small files) 
 ←↓↑→/<ENTER>/<ESC>: navigate, <DELETE>: del      

