---
source: src/tests/cases/ui.rs
expression: "&terminal_draw_events_mirror[0]"
---
 Scanning: 0 (0 files) | /tmp/diskonaut_tests/enter_folder_medium_width                   
┌────────────────────────────────────────────────────────────────────────────────────────┐
│████████████████████████████████████████████████████████████████████████████████████████│
│████████████████████████████████████████████████████████████████████████████████████████│
│████████████████████████████████████████████████████████████████████████████████████████│
│████████████████████████████████████████████████████████████████████████████████████████│
│████████████████████████████████████████████████████████████████████████████████████████│
│████████████████████████████████████████████████████████████████████████████████████████│
│████████████████████████████████████████████████████████████████████████████████████████│
│████████████████████████████████████████████████████████████████████████████████████████│
│████████████████████████████████████████████████████████████████████████████████████████│
│████████████████████████████████████████████████████████████████████████████████████████│
│████████████████████████████████████████████████████████████████████████████████████████│
│████████████████████████████████████████████████████████████████████████████████████████│
│████████████████████████████████████████████████████████████████████████████████████████│
│████████████████████████████████████████████████████████████████████████████████████████│
│████████████████████████████████████████████████████████████████████████████████████████│
│████████████████████████████████████████████████████████████████████████████████████████│
│████████████████████████████████████████████████████████████████████████████████████████│
│████████████████████████████████████████████████████████████████████████████████████████│
│████████████████████████████████████████████████████████████████████████████████████████│
│████████████████████████████████████████████████████████████████████████████████████████│
│████████████████████████████████████████████████████████████████████████████████████████│
│████████████████████████████████████Folder is empty█████████████████████████████████████│
│████████████████████████████████████████████████████████████████████████████████████████│
│████████████████████████████████████████████████████████████████████████████████████████│
│████████████████████████████████████████████████████████████████████████████████████████│
│████████████████████████████████████████████████████████████████████████████████████████│
│████████████████████████████████████████████████████████████████████████████████████████│
│████████████████████████████████████████████████████████████████████████████████████████│
│████████████████████████████████████████████████████████████████████████████████████████│
│████████████████████████████████████████████████████████████████████████████████████████│
│████████████████████████████████████████████████████████████████████████████████████████│
│████████████████████████████████████████████████████████████████████████████████████████│
│████████████████████████████████████████████████████████████████████████████████████████│
│████████████████████████████████████████████████████████████████████████████████████████│
│████████████████████████████████████████████████████████████████████████████████████████│
│████████████████████████████████████████████████████████████████████████████████████████│
│████████████████████████████████████████████████████████████████████████████████████████│
│████████████████████████████████████████████████████████████████████████████████████████│
│████████████████████████████████████████████████████████████████████████████████████████│
│████████████████████████████████████████████████████████████████████████████████████████│
│████████████████████████████████████████████████████████████████████████████████████████│
│████████████████████████████████████████████████████████████████████████████████████████│
│████████████████████████████████████████████████████████████████████████████████████████│
│████████████████████████████████████████████████████████████████████████████████████████│
│████████████████████████████████████████████████████████████████████████████████████████│
└────────────────────────────────────────────────────────────────────────────────────────┘
                                                                        (x = Small files) 
 <arrows> - move around, <ENTER> - enter folder, <ESC> - parent folder                    

