---
source: src/tests/cases/ui.rs
expression: "&terminal_draw_events_mirror[0]"
---
                                                                                                                                                                                              
                                                                   /tmp/bandwhich_tests/cannot_move_into_small_files (2.5M)                                                                   
                                                                                                                                                                                              
┌─────────────────────────────────────────────────────────────────────────────────────────────────────────────────────────────────────────────────────────┬──────────────────────────────────┐
│                                                                                                                                                         │                                  │
│                                                                                                                                                         │                                  │
│                                                                                                                                                         │                                  │
│                                                                                                                                                         │                                  │
│                                                                                                                                                         │                                  │
│                                                                                                                                                         │                                  │
│                                                                                                                                                         │                                  │
│                                                                                                                                                         │                                  │
│                                                                                                                                                         │                                  │
│                                                                          file2                                                                          │                                  │
│                                                                                                                                                         │                                  │
│                                                                                                                                                         │                                  │
│                                                                       1.0M (41%)                                                                        │                                  │
│                                                                                                                                                         │                                  │
│                                                                                                                                                         │                                  │
│                                                                                                                                                         │                                  │
│                                                                                                                                                         │                                  │
│                                                                                                                                                         │                                  │
│                                                                                                                                                         │              file1               │
│                                                                                                                                                         │                                  │
│                                                                                                                                                         │           401.4K (16%)           │
│                                                                                                                                                         │                                  │
├─────────────────────────────────────────────────────────────────────────────────────────────────────────────────────────────────────────────────────────┤                                  │
│                                                                                                                                                         │                                  │
│                                                                                                                                                         │                                  │
│                                                                                                                                                         │                                  │
│                                                                                                                                                         │                                  │
│                                                                                                                                                         │                                  │
│                                                                                                                                                         │                                  │
│                                                                                                                                                         │                                  │
│                                                                                                                                                         │                                  │
│                                                                                                                                                         │                                  │
│                                                                          file3                                                                          │                                  │
│                                                                                                                                                         │                                  │
│                                                                       1.0M (41%)                                                                        │                                  │
│                                                                                                                                                         │                                  │
│                                                                                                                                                         │                                  │
│                                                                                                                                                         │                                  │
│                                                                                                                                                         │                                  │
│                                                                                                                                                         ├──────────────────────────────────┤
│                                                                                                                                                         │xxxxxxxxxxxxxxxxxxxxxxxxxxxxxxxxxx│
│                                                                                                                                                         │xxxxxxxxxxxxxxxxxxxxxxxxxxxxxxxxxx│
│                                                                                                                                                         │xxxxxxxxxxxxxxxxxxxxxxxxxxxxxxxxxx│
│                                                                                                                                                         │xxxxxxxxxxxxxxxxxxxxxxxxxxxxxxxxxx│
└─────────────────────────────────────────────────────────────────────────────────────────────────────────────────────────────────────────────────────────┴──────────────────────────────────┘
 x = Small files                                                                                                                                                                              

