---
source: src/tests/cases/ui.rs
expression: "&terminal_draw_events_mirror[1]"
---
                                                            
                                                            
 GGGGGGGGGGGGGGGGGGGGGGGGGGGGGGGGGGGGGG                     
 GGGGGGGGGGGGGGGGGGGGGGGGGGGGGGGGGGGGGG                     
 GGGGGGGGGGGGGGGGGGGGGGGGGGGGGGGGGGGGGG                     
 GGGGGGGGGGGGGGGGGGGGGGGGGGGGGGGGGGGGGG                     
 GGGGGGGGGGGGGGGGGGGGGGGGGGGGGGGGGGGGGG                     
 GGGGGGGGGGGGGGGGGGGGGGGGGGGGGGGGGGGGGG                     
 GGGGGGGGGGGGGGGGGGGGGGGGGGGGGGGGGGGGGG                     
 GGGGGGGGGGGGGGGGGGGGGGGGGGGGGGGGGGGGGG                     
 GGGGGGGGGGGGGGGGGGGGGGGGGGGGGGGGGGGGGG                     
 GGGGGGGGGGGGGGGGGGGGGGGGGGGGGGGGGGGGGG                     
 GGGGGGGGGGGGGGGGGGGGGGGGGGGGGGGGGGGGGG                     
 GGGGGGGGGGGGGGGGGGGGGGGGGGGGGGGGGGGGGG                     
 GGGGGGGGGGGGGGGGGGGGGGGGGGGGGGGGGGGGGG                     
 GGGGGGGGGGGGGGGGGGGGGGGGGGGGGGGGGGGGGG                     
 GGGGGGGGGGGGGGGGGGGGGGGGGGGGGGGGGGGGGG                     
 subfolder_with_quite_a_long_name/G(+1)                     
 GGGGGGGGGGGGGGGGGGGGGGGGGGGGGGGGGGGGGG                     
 GGGGGGGGGGGGGGGGGGGGGGGGGGGGGGGGGGGGGG                     
 GGGGGGGGGGGGGG8.0KG(50%)GGGGGGGGGGGGGG                     
 GGGGGGGGGGGGGGGGGGGGGGGGGGGGGGGGGGGGGG                     
 GGGGGGGGGGGGGGGGGGGGGGGGGGGGGGGGGGGGGG                     
 GGGGGGGGGGGGGGGGGGGGGGGGGGGGGGGGGGGGGG                     
 GGGGGGGGGGGGGGGGGGGGGGGGGGGGGGGGGGGGGG                     
 GGGGGGGGGGGGGGGGGGGGGGGGGGGGGGGGGGGGGG                     
 GGGGGGGGGGGGGGGGGGGGGGGGGGGGGGGGGGGGGG                     
 GGGGGGGGGGGGGGGGGGGGGGGGGGGGGGGGGGGGGG                     
 GGGGGGGGGGGGGGGGGGGGGGGGGGGGGGGGGGGGGG                     
 GGGGGGGGGGGGGGGGGGGGGGGGGGGGGGGGGGGGGG                     
 GGGGGGGGGGGGGGGGGGGGGGGGGGGGGGGGGGGGGG                     
 GGGGGGGGGGGGGGGGGGGGGGGGGGGGGGGGGGGGGG                     
 GGGGGGGGGGGGGGGGGGGGGGGGGGGGGGGGGGGGGG                     
 GGGGGGGGGGGGGGGGGGGGGGGGGGGGGGGGGGGGGG                     
 GGGGGGGGGGGGGGGGGGGGGGGGGGGGGGGGGGGGGG                     
 GGGGGGGGGGGGGGGGGGGGGGGGGGGGGGGGGGGGGG                     
                                                            
                                                            
                                                            
                                                            
                                                            
                                                            
                                                            
                                                            
                                                            
                                                            
                                                            
                                                            
                                                            
                                                            

