---
source: src/tests/cases/ui.rs
expression: "&terminal_draw_events_mirror[1]"
---
┌───────────────────────────────────────────────────────────────────────────────────────────────────────────────────────────┬──────────────────────────────────────────┬─────┬─────┬─────────┐
│                                                                                                                           │                                          │     │     │         │
│                                                                                                                           │                                          │     │     │         │
│                                                                                                                           │                                          │     │     │         │
│                                                                                                                           │                                          │     │     │         │
│                                                                                                                           │                                          │     │     │         │
│                                                                                                                           │                                          │     │     │         │
│                                                                                                                           │                                          │     │     │         │
│                                                                                                                           │                                          │     │     │         │
│                                                                                                                           │                                          │     │     │         │
│                                                                                                                           │                                          │     │     │         │
│                                                                                                                           │                                          │     │     │         │
│                                                 => file7 151.6K (33%) <=                                                  │            file10 53.2K (12%)            │  .  │  .  │    .    │
│                                                                                                                           │                                          │     │     │         │
│                                                                                                                           │                                          │     │     │         │
│                                                                                                                           │                                          │     │     │         │
│                                                                                                                           │                                          │     │     │         │
│                                                                                                                           │                                          │     │     │         │
│                                                                                                                           │                                          │     │     │         │
│                                                                                                                           │                                          │     │     │         │
│                                                                                                                           │                                          │     │     │         │
│                                                                                                                           │                                          │     │     │         │
│                                                                                                                           │                                          │     │     │         │
│                                                                                                                           │                                          │     │     │         │
├──────────────────────────────────────────┬──────────────────────────────────────────┬─────────────────────────────────────┴────┬─────────────────────────────────────└────┬└────┬└─────────┘
│                                          │                                          │                                          │                                          │     │          │
│                                          │                                          │                                          │                                          │     │          │
│                                          │                                          │                                          │                                          │     │          │
│                                          │                                          │                                          │                                          │     │          │
│                                          │                                          │                                          │                                          │     │          │
│                                          │                                          │                                          │                                          │     │          │
│                                          │                                          │                                          │                                          │     │          │
│                                          │                                          │                                          │                                          │     │          │
│                                          │                                          │                                          │                                          │     │          │
│                                          │                                          │                                          │                                          │     │          │
│                                          │                                          │                                          │                                          │     │          │
│            file11 53.2K (12%)            │            file6 53.2K (12%)             │            file8 53.2K (12%)             │            file9 53.2K (12%)             │  .  │  f[..])  │
│                                          │                                          │                                          │                                          │     │          │
│                                          │                                          │                                          │                                          │     │          │
│                                          │                                          │                                          │                                          │     │          │
│                                          │                                          │                                          │                                          │     │          │
│                                          │                                          │                                          │                                          │     │          │
│                                          │                                          │                                          │                                          │     │          │
│                                          │                                          │                                          │                                          │     │          │
│                                          │                                          │                                          │                                          │     │          │
│                                          │                                          │                                          │                                          │     │          │
│                                          │                                          │                                          │                                          │     │          │
│                                          │                                          │                                          │                                          │     │          │
│                                          │                                          │                                          │                                          │     │          │
└──────────────────────────────────────────┴──────────────────────────────────────────┴──────────────────────────────────────────┴──────────────────────────────────────────┴─────┴──────────┘

