---
source: src/tests/cases/ui.rs
expression: "&terminal_draw_events_mirror[0]"
---
                                                                                                                                                                                              
                                                                        /tmp/bandwhich_tests/minimum_tile_sides (1.2M)                                                                        
                                                                                                                                                                                              
┌───────────────────────────────────────────────────────────────────────────────────────┬─────────────────────────────────────────────────┬──────────────────────────────────────────────────┐
│                                                                                       │                                                 │                                                  │
│                                                                                       │                                                 │                                                  │
│                                                                                       │                                                 │                                                  │
│                                       big_file0                                       │                                                 │                                                  │
│                                                                                       │                                                 │                                                  │
│                                                                                       │                                                 │                                                  │
│                                     135.2K (12%)                                      │                                                 │                                                  │
│                                                                                       │                    big_file4                    │                    big_file5                     │
│                                                                                       │                                                 │                                                  │
│                                                                                       │                                                 │                                                  │
├───────────────────────────────────────────────────────────────────────────────────────┤                  135.2K (12%)                   │                   135.2K (12%)                   │
│                                                                                       │                                                 │                                                  │
│                                                                                       │                                                 │                                                  │
│                                                                                       │                                                 │                                                  │
│                                                                                       │                                                 │                                                  │
│                                       big_file1                                       │                                                 │                                                  │
│                                                                                       │                                                 │                                                  │
│                                     135.2K (12%)                                      │                                                 │                                                  │
│                                                                                       ├─────────────────────────────────────┬───────────┴─────┬─────────────────┬────────┬────────┬────────┤
│                                                                                       │                                     │  medium_file0   │  medium_file1   │ file0  │ file1  │ file10 │
│                                                                                       │                                     │                 │                 │        │        │        │
│                                                                                       │                                     │    8.2K (1%)    │    8.2K (1%)    │  4.1K  │  4.1K  │  4.1K  │
├───────────────────────────────────────────────────────────────────────────────────────┤                                     ├────────────┬────┴────┬─────────┬──┴──────┬─┴───────┬┴────────┤
│                                                                                       │                                     │   file11   │ file20  │ file21  │ file22  │ file23  │ file24  │
│                                                                                       │                                     ├────────────┤  4.1K   │  4.1K   │  4.1K   │  4.1K   │  4.1K   │
│                                                                                       │                                     │   file12   ├─────────┴───┬─────┴──┬──────┴─┬───────┴┬────────┤
│                                       big_file2                                       │                                     ├────────────┤   file25    │ file33 │ file34 │ file35 │ file36 │
│                                                                                       │                                     │   file13   ├─────────────┤  4.1K  │  4.1K  │  4.1K  │  4.1K  │
│                                                                                       │                                     ├────────────┤   file26    ├────────┼────────┼────────┼────────┤
│                                     135.2K (12%)                                      │                                     │   file14   ├─────────────┤ file37 │ file38 │ file39 │ file4  │
│                                                                                       │              big_file6              │ 4.1K (0%)  │   file27    │  4.1K  │  4.1K  │  4.1K  │  4.1K  │
│                                                                                       │                                     ├────────────┼─────────────┼────────┴─────┬──┴────────┴────────┤
│                                                                                       │            135.2K (12%)             │   file15   │   file28    │    file40    │xxxxxxxxxxxxxxxxxxxx│
├───────────────────────────────────────────────────────────────────────────────────────┤                                     ├────────────┼─────────────┤  4.1K (0%)   │xxxxxxxxxxxxxxxxxxxx│
│                                                                                       │                                     │   file16   │   file29    ├──────────────┤xxxxxxxxxxxxxxxxxxxx│
│                                                                                       │                                     ├────────────┼─────────────┤    file41    │xxxxxxxxxxxxxxxxxxxx│
│                                                                                       │                                     │   file17   │    file3    ├──────────────┤xxxxxxxxxxxxxxxxxxxx│
│                                       big_file3                                       │                                     ├────────────┤  4.1K (0%)  │    file42    │xxxxxxxxxxxxxxxxxxxx│
│                                                                                       │                                     │   file18   ├─────────────┼──────────────┤xxxxxxxxxxxxxxxxxxxx│
│                                                                                       │                                     │ 4.1K (0%)  │   file30    │    file43    │xxxxxxxxxxxxxxxxxxxx│
│                                     135.2K (12%)                                      │                                     ├────────────┼─────────────┼──────────────┤xxxxxxxxxxxxxxxxxxxx│
│                                                                                       │                                     │   file19   │   file31    │    file44    │xxxxxxxxxxxxxxxxxxxx│
│                                                                                       │                                     ├────────────┼─────────────┼──────────────┤xxxxxxxxxxxxxxxxxxxx│
│                                                                                       │                                     │   file2    │   file32    │    file45    │xxxxxxxxxxxxxxxxxxxx│
└───────────────────────────────────────────────────────────────────────────────────────┴─────────────────────────────────────┴────────────┴─────────────┴──────────────┴────────────────────┘
 x = Small files                                                                                                                                                                              

