---
source: src/tests/cases/ui.rs
expression: "&terminal_draw_events_mirror[0]"
---
                                                                                                                   ┌─────────────────────────────────────────────────┐┌──────────────────────┐
                                     /tmp/bandwhich_tests/enter_folder (16.4K)                                     │    /tmp/bandwhich_tests/enter_folder (16.4K)    ││    Space freed: 0    │
                                                                                                                   └─────────────────────────────────────────────────┘└──────────────────────┘
┌─────────────────────────────────────────────────────────────────────────────────────────────────────────────────────────────────────────────┬──────────────────────────────────────────────┐
│                                                                                                                                             │                                              │
│                                                                                                                                             │                                              │
│                                                                                                                                             │                                              │
│                                                                                                                                             │                                              │
│                                                                                                                                             │                                              │
│                                                                                                                                             │                                              │
│                                                                                                                                             │                                              │
│                                                                                                                                             │                                              │
│                                                                                                                                             │                                              │
│                                                                                                                                             │                                              │
│                                                                                                                                             │                                              │
│                                                                                                                                             │                                              │
│                                                        subfolder1/ (+1 descendants)                                                         │                                              │
│                                                                                                                                             │                                              │
│                                                                                                                                             │                                              │
│                                                                 8.2K (50%)                                                                  │                                              │
│                                                                                                                                             │                                              │
│                                                                                                                                             │                                              │
│                                                                                                                                             │                                              │
│                                                                                                                                             │                                              │
│                                                                                                                                             │                    file3                     │
│                                                                                                                                             │                                              │
│                                                                                                                                             │                  4.1K (25%)                  │
│                                                                                                                                             │                                              │
│                                                                                                                                             │                                              │
│                                                                                                                                             │                                              │
│                                                                                                                                             │                                              │
│                                                                                                                                             │                                              │
├─────────────────────────────────────────────────────────────────────────────────────────────────────────────────────────────────────────────┤                                              │
│                                                                                                                                             │                                              │
│                                                                                                                                             │                                              │
│                                                                                                                                             │                                              │
│                                                                                                                                             │                                              │
│                                                                                                                                             │                                              │
│                                                                    file2                                                                    │                                              │
│                                                                                                                                             │                                              │
│                                                                                                                                             │                                              │
│                                                                 4.1K (25%)                                                                  │                                              │
│                                                                                                                                             │                                              │
│                                                                                                                                             │                                              │
│                                                                                                                                             │                                              │
│                                                                                                                                             │                                              │
│                                                                                                                                             │                                              │
└─────────────────────────────────────────────────────────────────────────────────────────────────────────────────────────────────────────────┴──────────────────────────────────────────────┘
 x = Small files                                                                                                                                                                              
 <hjkl> or <arrow keys> - move around, <ENTER> - enter folder, <ESC> - parent folder, <Ctrl-D> - delete                                                                                       

