---
source: src/tests/cases/ui.rs
expression: "&terminal_draw_events_mirror[0]"
---
┌───────────────────────────────────────────────────────────────────────────────────────┐                                                                                                     
│    Base: /tmp/bandwhich_tests/noop_when_moving_off_screen_edges | 12.0K | +3 files    │     /tmp/bandwhich_tests/noop_when_[..]screen_edges | 12.0K | +3 files           Space freed: 0     
└───────────────────────────────────────────────────────────────────────────────────────┘                                                                                                     
┌─────────────────────────────────────────────────────────────────────────────────────────────────────────────────────────────┬──────────────────────────────────────────────────────────────┐
│                                                                                                                             │                                                              │
│                                                                                                                             │                                                              │
│                                                                                                                             │                                                              │
│                                                                                                                             │                                                              │
│                                                                                                                             │                                                              │
│                                                                                                                             │                                                              │
│                                                                                                                             │                                                              │
│                                                                                                                             │                                                              │
│                                                                                                                             │                                                              │
│                                                            file1                                                            │                                                              │
│                                                                                                                             │                                                              │
│                                                         4.0K (33%)                                                          │                                                              │
│                                                                                                                             │                                                              │
│                                                                                                                             │                                                              │
│                                                                                                                             │                                                              │
│                                                                                                                             │                                                              │
│                                                                                                                             │                                                              │
│                                                                                                                             │                                                              │
│                                                                                                                             │                                                              │
│                                                                                                                             │                                                              │
│                                                                                                                             │                            file3                             │
├─────────────────────────────────────────────────────────────────────────────────────────────────────────────────────────────┤                                                              │
│                                                                                                                             │                          4.0K (33%)                          │
│                                                                                                                             │                                                              │
│                                                                                                                             │                                                              │
│                                                                                                                             │                                                              │
│                                                                                                                             │                                                              │
│                                                                                                                             │                                                              │
│                                                                                                                             │                                                              │
│                                                                                                                             │                                                              │
│                                                                                                                             │                                                              │
│                                                            file2                                                            │                                                              │
│                                                                                                                             │                                                              │
│                                                         4.0K (33%)                                                          │                                                              │
│                                                                                                                             │                                                              │
│                                                                                                                             │                                                              │
│                                                                                                                             │                                                              │
│                                                                                                                             │                                                              │
│                                                                                                                             │                                                              │
│                                                                                                                             │                                                              │
│                                                                                                                             │                                                              │
│                                                                                                                             │                                                              │
│                                                                                                                             │                                                              │
└─────────────────────────────────────────────────────────────────────────────────────────────────────────────────────────────┴──────────────────────────────────────────────────────────────┘
 x = Small files                                                                                                                                                                              
 <hjkl> or <arrow keys> - move around, <ENTER> - enter folder, <ESC> - parent folder, <Ctrl-D> - delete                                                                                       

