---
source: src/tests/cases/ui.rs
expression: "&terminal_draw_events_mirror[0]"
---
 Total: 1.1M (59 files), freed: 0 | /tmp/bandwhich_tests/minimum_tile_sides                                                                                                                   
┌───────────────────────────────────────────────────────────────────────────────────────┬─────────────────────────────────────────────────┬──────────────────────────────────────────────────┐
│                                                                                       │                                                 │                                                  │
│                                                                                       │                                                 │                                                  │
│                                                                                       │                                                 │                                                  │
│                                                                                       │                                                 │                                                  │
│                                       big_file0                                       │                                                 │                                                  │
│                                                                                       │                                                 │                                                  │
│                                     132.0K (12%)                                      │                                                 │                                                  │
│                                                                                       │                                                 │                                                  │
│                                                                                       │                    big_file4                    │                    big_file5                     │
│                                                                                       │                                                 │                                                  │
│                                                                                       │                  132.0K (12%)                   │                   132.0K (12%)                   │
├───────────────────────────────────────────────────────────────────────────────────────┤                                                 │                                                  │
│                                                                                       │                                                 │                                                  │
│                                                                                       │                                                 │                                                  │
│                                                                                       │                                                 │                                                  │
│                                       big_file1                                       │                                                 │                                                  │
│                                                                                       │                                                 │                                                  │
│                                                                                       │                                                 │                                                  │
│                                     132.0K (12%)                                      │                                                 │                                                  │
│                                                                                       ├─────────────────────────────────────┬───────────┴─────┬─────────────────┬────────┬────────┬────────┤
│                                                                                       │                                     │  medium_file0   │  medium_file1   │ file0  │ file1  │ file10 │
│                                                                                       │                                     │    8.0K (1%)    │    8.0K (1%)    │  4.0K  │  4.0K  │  4.0K  │
├───────────────────────────────────────────────────────────────────────────────────────┤                                     ├────────┬────────┼────────┬────────┼────────┼────────┼────────┤
│                                                                                       │                                     │ file11 │ file18 │ file19 │ file2  │ file20 │ file21 │ file22 │
│                                                                                       │                                     │  4.0K  │        │        │        │        │        │        │
│                                                                                       │                                     ├────────┤  4.0K  │  4.0K  │  4.0K  │  4.0K  │  4.0K  │  4.0K  │
│                                                                                       │                                     │ file12 ├────────┴┬───────┴┬───────┴┬───────┼────────┼────────┤
│                                       big_file2                                       │                                     │        │ file23  │ file29 │ file3  │file30 │ file31 │ file32 │
│                                                                                       │                                     │  4.0K  │  4.0K   │  4.0K  │  4.0K  │ 4.0K  │  4.0K  │  4.0K  │
│                                     132.0K (12%)                                      │                                     ├────────┼─────────┼────────┼────────┼───────┴┬───────┼────────┤
│                                                                                       │                                     │ file13 │ file24  │ file33 │ file38 │ file39 │ file4 │ file40 │
│                                                                                       │              big_file6              │  4.0K  │  4.0K   │  4.0K  │        │        │       │        │
│                                                                                       │                                     ├────────┼─────────┼────────┤  4.0K  │  4.0K  │ 4.0K  │  4.0K  │
│                                                                                       │            132.0K (12%)             │ file14 │ file25  │ file34 ├────────┴┬───────┴┬──────┴┬───────┤
├───────────────────────────────────────────────────────────────────────────────────────┤                                     │  4.0K  │  4.0K   │  4.0K  │ file41  │ file45 │file46 │file47 │
│                                                                                       │                                     ├────────┼─────────┼────────┤  4.0K   │  4.0K  │ 4.0K  │ 4.0K  │
│                                                                                       │                                     │ file15 │ file26  │ file35 ├─────────┼────────┴───────┴───────┤
│                                                                                       │                                     │  4.0K  │         │        │ file42  │xxxxxxxxxxxxxxxxxxxxxxxx│
│                                       big_file3                                       │                                     ├────────┤  4.0K   │  4.0K  │  4.0K   │xxxxxxxxxxxxxxxxxxxxxxxx│
│                                                                                       │                                     │ file16 ├─────────┼────────┼─────────┤xxxxxxxxxxxxxxxxxxxxxxxx│
│                                                                                       │                                     │        │ file27  │ file36 │ file43  │xxxxxxxxxxxxxxxxxxxxxxxx│
│                                     132.0K (12%)                                      │                                     │  4.0K  │  4.0K   │  4.0K  │  4.0K   │xxxxxxxxxxxxxxxxxxxxxxxx│
│                                                                                       │                                     ├────────┼─────────┼────────┼─────────┤xxxxxxxxxxxxxxxxxxxxxxxx│
│                                                                                       │                                     │ file17 │ file28  │ file37 │ file44  │xxxxxxxxxxxxxxxxxxxxxxxx│
│                                                                                       │                                     │  4.0K  │  4.0K   │  4.0K  │  4.0K   │xxxxxxxxxxxxxxxxxxxxxxxx│
└───────────────────────────────────────────────────────────────────────────────────────┴─────────────────────────────────────┴────────┴─────────┴────────┴─────────┴────────────────────────┘
 x = Small files                                                                                                                                                                              
 <hjkl> or <arrow keys> - move around, <ENTER> - enter folder, <ESC> - parent folder, <Ctrl-D> - delete                                                                                       

