---
source: src/tests/cases/ui.rs
expression: "&terminal_draw_events_mirror[0]"
---
 Total: 448.0K (11 files), freed: 0 | /tmp/bandwhich_tests/eleven_files                                                                                                                       
┌─────────────────────────────────────────────────────────────────────────────────────────────────────────┬─────────────────────────────────────────┬────────────────────────────────────────┐
│                                                                                                         │                                         │                                        │
│                                                                                                         │                                         │                                        │
│                                                                                                         │                                         │                                        │
│                                                                                                         │                                         │                                        │
│                                                                                                         │                                         │                                        │
│                                                                                                         │                                         │                                        │
│                                                                                                         │                                         │                                        │
│                                                                                                         │                                         │                                        │
│                                                                                                         │                                         │                                        │
│                                                                                                         │                                         │                                        │
│                                                                                                         │                  file6                  │                 file8                  │
│                                                  file7                                                  │                                         │                                        │
│                                                                                                         │               52.0K (12%)               │              52.0K (12%)               │
│                                                                                                         │                                         │                                        │
│                                              148.0K (33%)                                               │                                         │                                        │
│                                                                                                         │                                         │                                        │
│                                                                                                         │                                         │                                        │
│                                                                                                         │                                         │                                        │
│                                                                                                         │                                         │                                        │
│                                                                                                         │                                         │                                        │
│                                                                                                         │                                         │                                        │
│                                                                                                         │                                         │                                        │
│                                                                                                         │                                         │                                        │
│                                                                                                         ├─────────────────────────────────────────┴───────────┬──────────────┬─────────────┤
│                                                                                                         │                                                     │              │             │
│                                                                                                         │                                                     │              │             │
├─────────────────────────────────────────────────────────────────────────────────────────────────────────┤                                                     │              │             │
│                                                                                                         │                                                     │    file2     │    file3    │
│                                                                                                         │                                                     │              │             │
│                                                                                                         │                                                     │              │             │
│                                                 file10                                                  │                                                     │  8.0K (2%)   │  8.0K (2%)  │
│                                                                                                         │                        file9                        │              │             │
│                                               52.0K (12%)                                               │                                                     │              │             │
│                                                                                                         │                                                     │              │             │
│                                                                                                         │                     52.0K (12%)                     ├──────────────┴─────────────┤
│                                                                                                         │                                                     │                            │
├─────────────────────────────────────────────────────────────────────────────────────────────────────────┤                                                     │           file4            │
│                                                                                                         │                                                     │                            │
│                                                                                                         │                                                     │         8.0K (2%)          │
│                                                 file11                                                  │                                                     │                            │
│                                                                                                         │                                                     ├────────────────────────────┤
│                                                                                                         │                                                     │                            │
│                                               52.0K (12%)                                               ├─────────────────────────────────────────────────────┤           file5            │
│                                                                                                         │                        file1                        │         8.0K (2%)          │
│                                                                                                         │                      8.0K (2%)                      │                            │
└─────────────────────────────────────────────────────────────────────────────────────────────────────────┴─────────────────────────────────────────────────────┴────────────────────────────┘
 x = Small files                                                                                                                                                                              
 <hjkl> or <arrow keys> - move around, <ENTER> - enter folder, <ESC> - parent folder, <Ctrl-D> - delete                                                                                       

