---
source: src/tests/cases/ui.rs
expression: "&terminal_draw_events_mirror[1]"
---
                                                            
                                                            
 ██████████████████████████████████████                     
 ██████████████████████████████████████                     
 ██████████████████████████████████████                     
 ██████████████████████████████████████                     
 ██████████████████████████████████████                     
 ██████████████████████████████████████                     
 ██████████████████████████████████████                     
 ██████████████████████████████████████                     
 ██████████████████████████████████████                     
 ██████████████████████████████████████                     
 ██████████████████████████████████████                     
 ██████████████████████████████████████                     
 ██████████████████████████████████████                     
 ██████████████████████████████████████                     
 ██████████████████████████████████████                     
 subfolder_with_quite_a_long_name/ (+1)                     
 ██████████████████████████████████████                     
 ██████████████████████████████████████                     
 ██████████████8.0K (50%)██████████████                     
 ██████████████████████████████████████                     
 ██████████████████████████████████████                     
 ██████████████████████████████████████                     
 ██████████████████████████████████████                     
 ██████████████████████████████████████                     
 ██████████████████████████████████████                     
 ██████████████████████████████████████                     
 ██████████████████████████████████████                     
 ██████████████████████████████████████                     
 ██████████████████████████████████████                     
 ██████████████████████████████████████                     
 ██████████████████████████████████████                     
 ██████████████████████████████████████                     
 ██████████████████████████████████████                     
 ██████████████████████████████████████                     
                                                            
                                                            
                                                            
                                                            
                                                            
                                                            
                                                            
                                                            
                                                            
                                                            
                                                            
                                                            
                                                            
                                                            

