---
source: src/tests/cases/ui.rs
expression: "&terminal_draw_events_mirror[0]"
---
                                                                                                        ┌────────────────────────────────────────────────────────────┐┌──────────────────────┐
                          /tmp/bandwhich_tests/noop_when_entering_file (20.5K)                          │    /tmp/bandwhich_tests/noop_when_entering_file (20.5K)    ││    Space freed: 0    │
                                                                                                        └────────────────────────────────────────────────────────────┘└──────────────────────┘
┌──────────────────────────────────────────────────────────────────────────────────────────────────────────────────────────────────────────────────────┬─────────────────────────────────────┐
│                                                                                                                                                      │                                     │
│                                                                                                                                                      │                                     │
│                                                                                                                                                      │                                     │
│                                                                                                                                                      │                                     │
│                                                                                                                                                      │                                     │
│                                                                                                                                                      │                                     │
│                                                                                                                                                      │                                     │
│                                                                                                                                                      │                                     │
│                                                                                                                                                      │                                     │
│                                                                        file2                                                                         │                                     │
│                                                                                                                                                      │                                     │
│                                                                      8.2K (40%)                                                                      │                                     │
│                                                                                                                                                      │                                     │
│                                                                                                                                                      │                                     │
│                                                                                                                                                      │                                     │
│                                                                                                                                                      │                                     │
│                                                                                                                                                      │                                     │
│                                                                                                                                                      │                                     │
│                                                                                                                                                      │                                     │
│                                                                                                                                                      │                                     │
│                                                                                                                                                      │                file1                │
├──────────────────────────────────────────────────────────────────────────────────────────────────────────────────────────────────────────────────────┤                                     │
│                                                                                                                                                      │             4.1K (20%)              │
│                                                                                                                                                      │                                     │
│                                                                                                                                                      │                                     │
│                                                                                                                                                      │                                     │
│                                                                                                                                                      │                                     │
│                                                                                                                                                      │                                     │
│                                                                                                                                                      │                                     │
│                                                                                                                                                      │                                     │
│                                                                                                                                                      │                                     │
│                                                                        file3                                                                         │                                     │
│                                                                                                                                                      │                                     │
│                                                                      8.2K (40%)                                                                      │                                     │
│                                                                                                                                                      │                                     │
│                                                                                                                                                      │                                     │
│                                                                                                                                                      │                                     │
│                                                                                                                                                      │                                     │
│                                                                                                                                                      │                                     │
│                                                                                                                                                      │                                     │
│                                                                                                                                                      │                                     │
│                                                                                                                                                      │                                     │
│                                                                                                                                                      │                                     │
└──────────────────────────────────────────────────────────────────────────────────────────────────────────────────────────────────────────────────────┴─────────────────────────────────────┘
 x = Small files                                                                                                                                                                              
 <hjkl> or <arrow keys> - move around, <ENTER> - enter folder, <ESC> - parent folder, <Ctrl-D> - delete                                                                                       

