---
source: src/tests/cases/ui.rs
expression: "&terminal_draw_events_mirror[0]"
---
 2.3M | /tmp/bandwhich_tes[..]les_with_x_as_zero  
┌────────────────────────┬───────────────────────┐
│                        │                       │
│                        │                       │
│                        │                       │
│                        │                       │
│                        │                       │
│                        │                       │
│                        │                       │
│                        │                       │
│                        │                       │
│                        │                       │
│                        │                       │
│                        │                       │
│                        │                       │
│                        │                       │
│                        │                       │
│                        │                       │
│                        │                       │
│         file1          │         file2         │
│                        │                       │
│       1.0M (42%)       │      1.0M (42%)       │
│                        │                       │
│                        │                       │
│                        │                       │
│                        │                       │
│                        │                       │
│                        │                       │
│                        │                       │
│                        │                       │
│                        │                       │
│                        │                       │
│                        │                       │
│                        │                       │
│                        │                       │
│                        │                       │
│                        │                       │
│                        │                       │
│                        │                       │
├────────────────────────┴───────────────────────┤
│xxxxxxxxxxxxxxxxxxxxxxxxxxxxxxxxxxxxxxxxxxxxxxxx│
│xxxxxxxxxxxxxxxxxxxxxxxxxxxxxxxxxxxxxxxxxxxxxxxx│
│xxxxxxxxxxxxxxxxxxxxxxxxxxxxxxxxxxxxxxxxxxxxxxxx│
│xxxxxxxxxxxxxxxxxxxxxxxxxxxxxxxxxxxxxxxxxxxxxxxx│
│xxxxxxxxxxxxxxxxxxxxxxxxxxxxxxxxxxxxxxxxxxxxxxxx│
│xxxxxxxxxxxxxxxxxxxxxxxxxxxxxxxxxxxxxxxxxxxxxxxx│
│xxxxxxxxxxxxxxxxxxxxxxxxxxxxxxxxxxxxxxxxxxxxxxxx│
└────────────────────────────────────────────────┘
 x = Small files                                  
 ←↓↑→/<ENTER>/<ESC>: navigate, <Ctrl-D>: del      

