---
source: src/tests/cases/ui.rs
expression: "&terminal_draw_events_mirror[0]"
---
 12.0K | /tmp/bandwhich_tests/delete_folder_small_wikndow   
┌─────────────────────────────┬────────────────────────────┐
│                             │                            │
│                             │                            │
│                             │                            │
│                             │                            │
│                             │                            │
│                             │                            │
│                             │                            │
│                             │                            │
│                             │                            │
│                             │                            │
│                             │                            │
│                             │                            │
│                             │                            │
│            file2            │           file3            │
│                             │                            │
│                             │                            │
│         4.0K (33%)          │         4.0K (33%)         │
│                             │                            │
│                             │                            │
│                             │                            │
│                             │                            │
│                             │                            │
│                             │                            │
│                             │                            │
│                             │                            │
│                             │                            │
│                             │                            │
│                             │                            │
│                             │                            │
│                             │                            │
├─────────────────────────────┴────────────────────────────┤
│                                                          │
│                                                          │
│                                                          │
│                                                          │
│                                                          │
│               subfolder1/ (+1 descendants)               │
│                                                          │
│                                                          │
│                        4.0K (33%)                        │
│                                                          │
│                                                          │
│                                                          │
│                                                          │
│                                                          │
└──────────────────────────────────────────────────────────┘
                                          (x = Small files) 
 ←↓↑→/<ENTER>/<ESC>: navigate, <Ctrl-D>: del                

