---
source: src/tests/cases/ui.rs
expression: "&terminal_draw_events_mirror[6]"
---
 8.0K | /tmp/diskonaut_tests/delete_folder_smal _wikndow    
                                                            
                                                            
                                                            
                                                            
                                                            
                                                            
                                                            
                                                            
                                                            
                                                            
                           file2                            
                                                            
                                                            
                         4.0K (50%)                         
                                                            
│                                                          │
                                                            
                                                            
                                                            
                                                            
                                                            
                                                            
                                                            
├──────────────────────────────────────────────────────────┤
                                                            
                                                            
                                                            
                                                            
                                                            
                                                            
                                                            
│                                                          │
                                                            
                           file3                            
                                                            
                                                            
                         4.0K (50%)                         
                                                            
                                                            
                                                            
                                                            
                                                            
                                                            
                                                            
                                                            
                                                            
                                                            
                                                            
                                                            

