---
source: src/tests/cases/ui.rs
expression: "&terminal_draw_events_mirror[0]"
---
                                                                                                                                                                                              
                                                                          /tmp/bandwhich_tests/delete_folder (12.3K)                                                                          
                                                                                                                                                                                              
┌─────────────────────────────────────────────────────────────────────────────────────────────────────────────────────────────┬──────────────────────────────────────────────────────────────┐
│                                                                                                                             │                                                              │
│                                                                                                                             │                                                              │
│                                                                                                                             │                                                              │
│                                                                                                                             │                                                              │
│                                                                                                                             │                                                              │
│                                                                                                                             │                                                              │
│                                                                                                                             │                                                              │
│                                                                                                                             │                                                              │
│                                                                                                                             │                                                              │
│                                                            file2                                                            │                                                              │
│                                                                                                                             │                                                              │
│                                                                                                                             │                                                              │
│                                                         4.1K (33%)                                                          │                                                              │
│                                                                                                                             │                                                              │
│                                                                                                                             │                                                              │
│                                                                                                                             │                                                              │
│                                                                                                                             │                                                              │
│                                                                                                                             │                                                              │
│                                                                                                                             │                                                              │
│                                                                                                                             │                                                              │
│                                                                                                                             │                         subfolder1/                          │
│                                                                                                                             │                                                              │
├─────────────────────────────────────────────────────────────────────────────────────────────────────────────────────────────┤                                                              │
│                                                                                                                             │                          4.1K (33%)                          │
│                                                                                                                             │                                                              │
│                                                                                                                             │                                                              │
│                                                                                                                             │                                                              │
│                                                                                                                             │                                                              │
│                                                                                                                             │                                                              │
│                                                                                                                             │                                                              │
│                                                                                                                             │                                                              │
│                                                                                                                             │                                                              │
│                                                            file3                                                            │                                                              │
│                                                                                                                             │                                                              │
│                                                         4.1K (33%)                                                          │                                                              │
│                                                                                                                             │                                                              │
│                                                                                                                             │                                                              │
│                                                                                                                             │                                                              │
│                                                                                                                             │                                                              │
│                                                                                                                             │                                                              │
│                                                                                                                             │                                                              │
│                                                                                                                             │                                                              │
│                                                                                                                             │                                                              │
│                                                                                                                             │                                                              │
└─────────────────────────────────────────────────────────────────────────────────────────────────────────────────────────────┴──────────────────────────────────────────────────────────────┘
 x = Small files                                                                                                                                                                              

