---
source: src/tests/cases/ui.rs
expression: "&terminal_draw_events_mirror[0]"
---
 Total: 24.0K (4 files), freed: 0 | /tmp/diskonaut_tests/move_up_and_enter_folder                                                                                                             
┌─────────────────────────────────────────────────────────────────────────────────────────────────────────────────────────────────────────────────────────────┬──────────────────────────────┐
│                                                                                                                                                             │                              │
│                                                                                                                                                             │                              │
│                                                                                                                                                             │                              │
│                                                                                                                                                             │                              │
│                                                                                                                                                             │                              │
│                                                                                                                                                             │                              │
│                                                                                                                                                             │                              │
│                                                                                                                                                             │                              │
│                                                                                                                                                             │                              │
│                                                                                                                                                             │                              │
│                                                                                                                                                             │                              │
│                                                                                                                                                             │                              │
│                                                                subfolder1/ (+1 descendants)                                                                 │                              │
│                                                                                                                                                             │                              │
│                                                                         12.0K (50%)                                                                         │                              │
│                                                                                                                                                             │                              │
│                                                                                                                                                             │                              │
│                                                                                                                                                             │                              │
│                                                                                                                                                             │                              │
│                                                                                                                                                             │                              │
│                                                                                                                                                             │                              │
│                                                                                                                                                             │            file2             │
│                                                                                                                                                             │                              │
│                                                                                                                                                             │          4.0K (17%)          │
│                                                                                                                                                             │                              │
│                                                                                                                                                             │                              │
│                                                                                                                                                             │                              │
├─────────────────────────────────────────────────────────────────────────────────────────────────────────────────────────────────────────────────────────────┤                              │
│                                                                                                                                                             │                              │
│                                                                                                                                                             │                              │
│                                                                                                                                                             │                              │
│                                                                                                                                                             │                              │
│                                                                                                                                                             │                              │
│                                                                                                                                                             │                              │
│                                                                                                                                                             │                              │
│                                                                            file3                                                                            │                              │
│                                                                                                                                                             │                              │
│                                                                         8.0K (33%)                                                                          │                              │
│                                                                                                                                                             │                              │
│                                                                                                                                                             │                              │
│                                                                                                                                                             │                              │
│                                                                                                                                                             │                              │
│                                                                                                                                                             │                              │
│                                                                                                                                                             │                              │
│                                                                                                                                                             │                              │
└─────────────────────────────────────────────────────────────────────────────────────────────────────────────────────────────────────────────────────────────┴──────────────────────────────┘
                                                                                                                                                                            (x = Small files) 
 <hjkl> or <arrow keys> - move around, <ENTER> - enter folder, <ESC> - parent folder, <Ctrl-D> - delete                                                                                       

