---
source: src/tests/cases/ui.rs
expression: "&terminal_draw_events_mirror[0]"
---
                                                                                                                     ┌───────────────────────────────────────────────┐┌──────────────────────┐
                                       /tmp/bandwhich_tests/small_files (2.4M)                                       │    /tmp/bandwhich_tests/small_files (2.4M)    ││    Space freed: 0    │
                                                                                                                     └───────────────────────────────────────────────┘└──────────────────────┘
┌───────────────────────────────────────────────────────────────────────────────────────────────────────────────────────────────────────────────────────────┬────────────────────────────────┐
│                                                                                                                                                           │                                │
│                                                                                                                                                           │                                │
│                                                                                                                                                           │                                │
│                                                                                                                                                           │                                │
│                                                                                                                                                           │                                │
│                                                                                                                                                           │                                │
│                                                                                                                                                           │                                │
│                                                                                                                                                           │                                │
│                                                                                                                                                           │                                │
│                                                                           file2                                                                           │                                │
│                                                                                                                                                           │                                │
│                                                                        1.0M (41%)                                                                         │                                │
│                                                                                                                                                           │                                │
│                                                                                                                                                           │                                │
│                                                                                                                                                           │                                │
│                                                                                                                                                           │                                │
│                                                                                                                                                           │                                │
│                                                                                                                                                           │                                │
│                                                                                                                                                           │                                │
│                                                                                                                                                           │             file1              │
│                                                                                                                                                           │                                │
├───────────────────────────────────────────────────────────────────────────────────────────────────────────────────────────────────────────────────────────┤          401.4K (17%)          │
│                                                                                                                                                           │                                │
│                                                                                                                                                           │                                │
│                                                                                                                                                           │                                │
│                                                                                                                                                           │                                │
│                                                                                                                                                           │                                │
│                                                                                                                                                           │                                │
│                                                                                                                                                           │                                │
│                                                                                                                                                           │                                │
│                                                                                                                                                           │                                │
│                                                                           file3                                                                           │                                │
│                                                                                                                                                           │                                │
│                                                                        1.0M (41%)                                                                         │                                │
│                                                                                                                                                           │                                │
│                                                                                                                                                           │                                │
│                                                                                                                                                           │                                │
│                                                                                                                                                           │                                │
│                                                                                                                                                           │                                │
│                                                                                                                                                           │                                │
│                                                                                                                                                           │                                │
│                                                                                                                                                           ├────────────────────────────────┤
│                                                                                                                                                           │xxxxxxxxxxxxxxxxxxxxxxxxxxxxxxxx│
└───────────────────────────────────────────────────────────────────────────────────────────────────────────────────────────────────────────────────────────┴────────────────────────────────┘
 x = Small files                                                                                                                                                                              
 <hjkl> or <arrow keys> - move around, <ENTER> - enter folder, <ESC> - parent folder, <Ctrl-D> - delete                                                                                       

